21860085141830034828733524396926129922815926642962
