3877733538385205905562462618450790716616212287538
