79997041716341183067810512412503510113597083016962
