7332182319013610338856644332591813842423741236396
