7884062380458583730729109034459977252723436905744
