63634955801842714016230151705550594334751227262670
