57005404782312395709337808726017438377906078448378
