92641194348573687801547619388029330001983595379496
